// Jest Snapshot v1, https://goo.gl/fbAQLP

exports[`CartItems component renders properly 1`] = `ShallowWrapper {}`;
