// Jest Snapshot v1, https://goo.gl/fbAQLP

exports[`CustomButton component renders properly 1`] = `ShallowWrapper {}`;
