// Jest Snapshot v1, https://goo.gl/fbAQLP

exports[`MenuItem component renders properly 1`] = `ShallowWrapper {}`;
