// Jest Snapshot v1, https://goo.gl/fbAQLP

exports[`SignUp component renders properly 1`] = `ShallowWrapper {}`;
