// Jest Snapshot v1, https://goo.gl/fbAQLP

exports[`SignIn component SignIn component renders properly 1`] = `ShallowWrapper {}`;
